a_06 a_07 a_08 a_09 a_10
